[INFO] Scanning for projects...
[INFO] 
[INFO] ------------------------< com.fixflow:backend >-------------------------
[INFO] Building fixflow 0.0.1-SNAPSHOT
[INFO]   from pom.xml
[INFO] --------------------------------[ jar ]---------------------------------
[INFO] 
[INFO] --- clean:3.4.1:clean (default-clean) @ backend ---
[INFO] Deleting C:\Users\adm\Documents\Fixflow-FileRouge\backend\target
[INFO] 
[INFO] --- resources:3.3.1:resources (default-resources) @ backend ---
[INFO] Copying 2 resources from src\main\resources to target\classes
[INFO] Copying 0 resource from src\main\resources to target\classes
[INFO] 
[INFO] --- compiler:3.14.1:compile (default-compile) @ backend ---
[INFO] Recompiling the module because of changed source code.
[INFO] Compiling 52 source files with javac [debug parameters release 17] to target\classes
[INFO] -------------------------------------------------------------
[ERROR] COMPILATION ERROR : 
[INFO] -------------------------------------------------------------
[ERROR] /C:/Users/adm/Documents/Fixflow-FileRouge/backend/src/main/java/com/fixflow/backend/service/TicketService.java:[15,37] cannot find symbol
  symbol:   class FileStorageException
  location: package com.fixflow.backend.exception
[ERROR] /C:/Users/adm/Documents/Fixflow-FileRouge/backend/src/main/java/com/fixflow/backend/exception/GlobalExceptionHandler.java:[96,66] cannot find symbol
  symbol:   class FileStorageException
  location: class com.fixflow.backend.exception.GlobalExceptionHandler
[ERROR] /C:/Users/adm/Documents/Fixflow-FileRouge/backend/src/main/java/com/fixflow/backend/exception/GlobalExceptionHandler.java:[95,23] cannot find symbol
  symbol:   class FileStorageException
  location: class com.fixflow.backend.exception.GlobalExceptionHandler
[INFO] 3 errors 
[INFO] -------------------------------------------------------------
[INFO] ------------------------------------------------------------------------
[INFO] BUILD FAILURE
[INFO] ------------------------------------------------------------------------
[INFO] Total time:  4.569 s
[INFO] Finished at: 2026-03-30T17:09:25+01:00
[INFO] ------------------------------------------------------------------------
[ERROR] Failed to execute goal org.apache.maven.plugins:maven-compiler-plugin:3.14.1:compile (default-compile) on project backend: Compilation failure: Compilation failure: 
[ERROR] /C:/Users/adm/Documents/Fixflow-FileRouge/backend/src/main/java/com/fixflow/backend/service/TicketService.java:[15,37] cannot find symbol
[ERROR]   symbol:   class FileStorageException
[ERROR]   location: package com.fixflow.backend.exception
[ERROR] /C:/Users/adm/Documents/Fixflow-FileRouge/backend/src/main/java/com/fixflow/backend/exception/GlobalExceptionHandler.java:[96,66] cannot find symbol
[ERROR]   symbol:   class FileStorageException
[ERROR]   location: class com.fixflow.backend.exception.GlobalExceptionHandler
[ERROR] /C:/Users/adm/Documents/Fixflow-FileRouge/backend/src/main/java/com/fixflow/backend/exception/GlobalExceptionHandler.java:[95,23] cannot find symbol
[ERROR]   symbol:   class FileStorageException
[ERROR]   location: class com.fixflow.backend.exception.GlobalExceptionHandler
[ERROR] -> [Help 1]
[ERROR] 
[ERROR] To see the full stack trace of the errors, re-run Maven with the -e switch.
[ERROR] Re-run Maven using the -X switch to enable full debug logging.
[ERROR] 
[ERROR] For more information about the errors and possible solutions, please read the following articles:
[ERROR] [Help 1] http://cwiki.apache.org/confluence/display/MAVEN/MojoFailureException
